[
  {
    "name": "基準案",
    "temperature": 36.466920221999146,
    "under": 57.882716096993576,
    "wind": 1.2860388994425496,
    "heatDelta": 0,
    "range": [
      0,
      0
    ],
    "waterL": 1248.0000000000002
  },
  {
    "name": "編集案 A",
    "temperature": 32.981384324036846,
    "under": 34.86324258186524,
    "wind": 1.2860388994425496,
    "heatDelta": 383.61343097969734,
    "range": [
      351.76650744178824,
      417.54976802152436
    ],
    "waterL": 1248.0000000000002
  },
  {
    "name": "編集案 B",
    "temperature": 34.82578529175089,
    "under": 57.882716096993576,
    "wind": 1.2860388994425496,
    "heatDelta": -359.2786537740889,
    "range": [
      -465.727268371122,
      -248.67061637555045
    ],
    "waterL": 115.2
  }
]
